<html>
<body>
<pre>
<h1>µVision3 Build Log</h1>
<h2>Project:</h2>
D:\ESA Data\ESA\Utilities\FlashMagic\Ethernet Bootloader\LPC1700\User Code Sample Blinky\blinky.uv2
Project File Date:  12/24/2009

<h2>Output:</h2>
Build target 'Target 1'
assembling startup_LPC17xx.s...
compiling main.c...
main.c(21): error:  #20: identifier "SC" is undefined
main.c(67): error:  #20: identifier "PINCON" is undefined
main.c(69): error:  #20: identifier "GPIO1" is undefined
compiling core_cm3.c...
Target not created
Build target 'Target 1'
assembling startup_LPC17xx.s...
compiling main.c...
compiling core_cm3.c...
linking...
Program Size: Code=588 RO-data=212 RW-data=0 ZI-data=608  
FromELF: creating hex file...
".\obj\blinky.axf" - 0 Error(s), 0 Warning(s).
</pre>
</body>
</html>
