ARM Linker, RVCT4.0 [Build 524] for uVision [Standard]

==============================================================================

Section Cross References

    startup_lpc17xx.o(STACK) refers (Special) to heapauxi.o(.text) for __use_two_region_memory
    startup_lpc17xx.o(HEAP) refers (Special) to heapauxi.o(.text) for __use_two_region_memory
    startup_lpc17xx.o(RESET) refers (Special) to heapauxi.o(.text) for __use_two_region_memory
    startup_lpc17xx.o(RESET) refers to startup_lpc17xx.o(STACK) for __initial_sp
    startup_lpc17xx.o(RESET) refers to startup_lpc17xx.o(.text) for Reset_Handler
    startup_lpc17xx.o(.text) refers (Special) to heapauxi.o(.text) for __use_two_region_memory
    startup_lpc17xx.o(.text) refers to sbl_main.o(.text) for main
    startup_lpc17xx.o(.text) refers to startup_lpc17xx.o(HEAP) for Heap_Mem
    startup_lpc17xx.o(.text) refers to startup_lpc17xx.o(STACK) for Stack_Mem
    board_init.o(.text) refers to timer.o(.text) for Timer_init
    sbl_main.o(.text) refers to board_init.o(.text) for board_init
    sbl_main.o(.text) refers to comms.o(.text) for init_comms
    sbl_main.o(.text) refers to isp_iap.o(.text) for isp_cmd_loop
    comms.o(.text) refers to emac.o(.text) for init_emac
    isp_iap.o(.text) refers to comms.o(.text) for getline
    isp_iap.o(.text) refers to timer.o(.text) for Timer_DeInit
    isp_iap.o(.text) refers to isp_iap.o(.bss) for .bss
    isp_iap.o(.text) refers to isp_iap.o(.constdata) for .constdata
    isp_iap.o(.text) refers to isp_iap.o(.data) for .data
    isp_iap.o(.text) refers to sbl_main.o(.ARM.__at_0x2FC) for crp
    emac.o(.text) refers to mdio.o(.text) for mdio_write
    emac.o(.text) refers to uart.o(.text) for print
    emac.o(.text) refers to isp_iap.o(.text) for is_LPC175x
    emac.o(.text) refers to timer.o(.text) for Timer_GetTimestamp
    emac.o(.text) refers to emac.o(.data) for .data
    emac.o(.text) refers to emac.o(.bss) for .bss
    emac.o(.text) refers to rt_memcpy_v6.o(.text) for __aeabi_memcpy
    emac.o(.text) refers to emac.o(.constdata) for .constdata
    rt_memcpy_v6.o(.text) refers to rt_memcpy_w.o(.text) for __aeabi_memcpy4
    __main.o(!!!main) refers to rtentry.o(.ARM.Collect$$rtentry$$00000000) for __rt_entry
    rtentry.o(.ARM.Collect$$rtentry$$00000000) refers (Special) to rtentry2.o(.ARM.Collect$$rtentry$$0000000A) for __rt_entry_li
    rtentry.o(.ARM.Collect$$rtentry$$00000000) refers (Special) to rtentry2.o(.ARM.Collect$$rtentry$$0000000D) for __rt_entry_main
    rtentry.o(.ARM.Collect$$rtentry$$00000000) refers (Special) to rtentry2.o(.ARM.Collect$$rtentry$$0000000C) for __rt_entry_postli_1
    rtentry.o(.ARM.Collect$$rtentry$$00000000) refers (Special) to rtentry2.o(.ARM.Collect$$rtentry$$00000009) for __rt_entry_postsh_1
    rtentry.o(.ARM.Collect$$rtentry$$00000000) refers (Special) to rtentry2.o(.ARM.Collect$$rtentry$$00000002) for __rt_entry_presh_1
    rtentry.o(.ARM.Collect$$rtentry$$00000000) refers (Special) to rtentry4.o(.ARM.Collect$$rtentry$$00000004) for __rt_entry_sh
    rtentry.o(.ARM.exidx) refers (Special) to rtentry2.o(.ARM.Collect$$rtentry$$0000000A) for __rt_entry_li
    rtentry.o(.ARM.exidx) refers (Special) to rtentry2.o(.ARM.Collect$$rtentry$$0000000D) for __rt_entry_main
    rtentry.o(.ARM.exidx) refers (Special) to rtentry2.o(.ARM.Collect$$rtentry$$0000000C) for __rt_entry_postli_1
    rtentry.o(.ARM.exidx) refers (Special) to rtentry2.o(.ARM.Collect$$rtentry$$00000009) for __rt_entry_postsh_1
    rtentry.o(.ARM.exidx) refers (Special) to rtentry2.o(.ARM.Collect$$rtentry$$00000002) for __rt_entry_presh_1
    rtentry.o(.ARM.exidx) refers (Special) to rtentry4.o(.ARM.Collect$$rtentry$$00000004) for __rt_entry_sh
    rtentry.o(.ARM.exidx) refers to rtentry.o(.ARM.Collect$$rtentry$$00000000) for .ARM.Collect$$rtentry$$00000000
    rtentry2.o(.ARM.Collect$$rtentry$$00000008) refers to boardinit2.o(.text) for _platform_post_stackheap_init
    rtentry2.o(.ARM.Collect$$rtentry$$0000000A) refers to libinit.o(.ARM.Collect$$libinit$$00000000) for __rt_lib_init
    rtentry2.o(.ARM.Collect$$rtentry$$0000000B) refers to boardinit3.o(.text) for _platform_post_lib_init
    rtentry2.o(.ARM.Collect$$rtentry$$0000000D) refers to sbl_main.o(.text) for main
    rtentry2.o(.ARM.Collect$$rtentry$$0000000D) refers to exit.o(.text) for exit
    rtentry2.o(.ARM.exidx) refers to rtentry2.o(.ARM.Collect$$rtentry$$00000001) for .ARM.Collect$$rtentry$$00000001
    rtentry2.o(.ARM.exidx) refers to rtentry2.o(.ARM.Collect$$rtentry$$00000002) for .ARM.Collect$$rtentry$$00000002
    rtentry2.o(.ARM.exidx) refers to rtentry2.o(.ARM.Collect$$rtentry$$00000008) for .ARM.Collect$$rtentry$$00000008
    rtentry2.o(.ARM.exidx) refers to rtentry2.o(.ARM.Collect$$rtentry$$00000009) for .ARM.Collect$$rtentry$$00000009
    rtentry2.o(.ARM.exidx) refers to rtentry2.o(.ARM.Collect$$rtentry$$0000000A) for .ARM.Collect$$rtentry$$0000000A
    rtentry2.o(.ARM.exidx) refers to rtentry2.o(.ARM.Collect$$rtentry$$0000000B) for .ARM.Collect$$rtentry$$0000000B
    rtentry2.o(.ARM.exidx) refers to rtentry2.o(.ARM.Collect$$rtentry$$0000000C) for .ARM.Collect$$rtentry$$0000000C
    rtentry2.o(.ARM.exidx) refers to rtentry2.o(.ARM.Collect$$rtentry$$0000000D) for .ARM.Collect$$rtentry$$0000000D
    rtentry4.o(.ARM.Collect$$rtentry$$00000004) refers to sys_stackheap_outer.o(.text) for __user_setup_stackheap
    rtentry4.o(.ARM.exidx) refers to rtentry4.o(.ARM.Collect$$rtentry$$00000004) for .ARM.Collect$$rtentry$$00000004
    sys_stackheap_outer.o(.text) refers to libspace.o(.text) for __user_perproc_libspace
    sys_stackheap_outer.o(.text) refers to startup_lpc17xx.o(.text) for __user_initial_stackheap
    exit.o(.text) refers to rtexit.o(.ARM.Collect$$rtexit$$00000000) for __rt_exit
    libinit.o(.ARM.Collect$$libinit$$00000000) refers (Special) to libinit2.o(.ARM.Collect$$libinit$$0000002A) for __rt_lib_init_alloca_1
    libinit.o(.ARM.Collect$$libinit$$00000000) refers (Special) to libinit2.o(.ARM.Collect$$libinit$$00000028) for __rt_lib_init_argv_1
    libinit.o(.ARM.Collect$$libinit$$00000000) refers (Special) to libinit2.o(.ARM.Collect$$libinit$$00000017) for __rt_lib_init_atexit_1
    libinit.o(.ARM.Collect$$libinit$$00000000) refers (Special) to libinit2.o(.ARM.Collect$$libinit$$0000001D) for __rt_lib_init_clock_1
    libinit.o(.ARM.Collect$$libinit$$00000000) refers (Special) to libinit2.o(.ARM.Collect$$libinit$$0000002E) for __rt_lib_init_cpp_1
    libinit.o(.ARM.Collect$$libinit$$00000000) refers (Special) to libinit2.o(.ARM.Collect$$libinit$$0000002C) for __rt_lib_init_exceptions_1
    libinit.o(.ARM.Collect$$libinit$$00000000) refers (Special) to libinit2.o(.ARM.Collect$$libinit$$0000001B) for __rt_lib_init_fp_trap_1
    libinit.o(.ARM.Collect$$libinit$$00000000) refers (Special) to libinit2.o(.ARM.Collect$$libinit$$0000001F) for __rt_lib_init_getenv_1
    libinit.o(.ARM.Collect$$libinit$$00000000) refers (Special) to libinit2.o(.ARM.Collect$$libinit$$00000006) for __rt_lib_init_heap_1
    libinit.o(.ARM.Collect$$libinit$$00000000) refers (Special) to libinit2.o(.ARM.Collect$$libinit$$0000000D) for __rt_lib_init_lc_collate_1
    libinit.o(.ARM.Collect$$libinit$$00000000) refers (Special) to libinit2.o(.ARM.Collect$$libinit$$0000000F) for __rt_lib_init_lc_ctype_1
    libinit.o(.ARM.Collect$$libinit$$00000000) refers (Special) to libinit2.o(.ARM.Collect$$libinit$$00000011) for __rt_lib_init_lc_monetary_1
    libinit.o(.ARM.Collect$$libinit$$00000000) refers (Special) to libinit2.o(.ARM.Collect$$libinit$$00000013) for __rt_lib_init_lc_numeric_1
    libinit.o(.ARM.Collect$$libinit$$00000000) refers (Special) to libinit2.o(.ARM.Collect$$libinit$$00000015) for __rt_lib_init_lc_time_1
    libinit.o(.ARM.Collect$$libinit$$00000000) refers (Special) to libinit2.o(.ARM.Collect$$libinit$$0000000A) for __rt_lib_init_rand_1
    libinit.o(.ARM.Collect$$libinit$$00000000) refers (Special) to libinit2.o(.ARM.Collect$$libinit$$0000002F) for __rt_lib_init_return
    libinit.o(.ARM.Collect$$libinit$$00000000) refers (Special) to libinit2.o(.ARM.Collect$$libinit$$00000019) for __rt_lib_init_signal_1
    libinit.o(.ARM.Collect$$libinit$$00000000) refers (Special) to libinit2.o(.ARM.Collect$$libinit$$00000021) for __rt_lib_init_stdio_1
    libinit.o(.ARM.Collect$$libinit$$00000000) refers (Special) to libinit2.o(.ARM.Collect$$libinit$$00000008) for __rt_lib_init_user_alloc_1
    libspace.o(.text) refers to libspace.o(.bss) for __libspace_start
    rtexit.o(.ARM.Collect$$rtexit$$00000000) refers (Special) to rtexit2.o(.ARM.Collect$$rtexit$$00000004) for __rt_exit_exit
    rtexit.o(.ARM.Collect$$rtexit$$00000000) refers (Special) to rtexit2.o(.ARM.Collect$$rtexit$$00000003) for __rt_exit_ls
    rtexit.o(.ARM.Collect$$rtexit$$00000000) refers (Special) to rtexit2.o(.ARM.Collect$$rtexit$$00000002) for __rt_exit_prels_1
    rtexit.o(.ARM.exidx) refers (Special) to rtexit2.o(.ARM.Collect$$rtexit$$00000004) for __rt_exit_exit
    rtexit.o(.ARM.exidx) refers (Special) to rtexit2.o(.ARM.Collect$$rtexit$$00000003) for __rt_exit_ls
    rtexit.o(.ARM.exidx) refers (Special) to rtexit2.o(.ARM.Collect$$rtexit$$00000002) for __rt_exit_prels_1
    rtexit.o(.ARM.exidx) refers to rtexit.o(.ARM.Collect$$rtexit$$00000000) for .ARM.Collect$$rtexit$$00000000
    libinit2.o(.ARM.Collect$$libinit$$0000000C) refers to libinit2.o(.ARM.Collect$$libinit$$0000000B) for .ARM.Collect$$libinit$$0000000B
    libinit2.o(.ARM.Collect$$libinit$$0000000E) refers to libinit2.o(.ARM.Collect$$libinit$$0000000B) for .ARM.Collect$$libinit$$0000000B
    libinit2.o(.ARM.Collect$$libinit$$00000010) refers to libinit2.o(.ARM.Collect$$libinit$$0000000B) for .ARM.Collect$$libinit$$0000000B
    libinit2.o(.ARM.Collect$$libinit$$00000012) refers to libinit2.o(.ARM.Collect$$libinit$$0000000B) for .ARM.Collect$$libinit$$0000000B
    libinit2.o(.ARM.Collect$$libinit$$00000014) refers to libinit2.o(.ARM.Collect$$libinit$$0000000B) for .ARM.Collect$$libinit$$0000000B
    libinit2.o(.ARM.Collect$$libinit$$00000022) refers to argv_veneer.o(.emb_text) for __ARM_argv_veneer
    libinit2.o(.ARM.Collect$$libinit$$00000023) refers to argv_veneer.o(.emb_text) for __ARM_argv_veneer
    rtexit2.o(.ARM.Collect$$rtexit$$00000003) refers to libshutdown.o(.ARM.Collect$$libshutdown$$00000000) for __rt_lib_shutdown
    rtexit2.o(.ARM.Collect$$rtexit$$00000004) refers to sys_exit.o(.text) for _sys_exit
    rtexit2.o(.ARM.exidx) refers to rtexit2.o(.ARM.Collect$$rtexit$$00000001) for .ARM.Collect$$rtexit$$00000001
    rtexit2.o(.ARM.exidx) refers to rtexit2.o(.ARM.Collect$$rtexit$$00000002) for .ARM.Collect$$rtexit$$00000002
    rtexit2.o(.ARM.exidx) refers to rtexit2.o(.ARM.Collect$$rtexit$$00000003) for .ARM.Collect$$rtexit$$00000003
    rtexit2.o(.ARM.exidx) refers to rtexit2.o(.ARM.Collect$$rtexit$$00000004) for .ARM.Collect$$rtexit$$00000004
    argv_veneer.o(.emb_text) refers to no_argv.o(.text) for __ARM_get_argv
    sys_exit.o(.text) refers to use_no_semi.o(.text) for __I$use$semihosting
    _get_argv_nomalloc.o(.text) refers (Special) to hrguard.o(.text) for __heap_region$guard
    _get_argv_nomalloc.o(.text) refers to defsig_rtmem_outer.o(.text) for __rt_SIGRTMEM
    _get_argv_nomalloc.o(.text) refers to sys_command.o(.text) for _sys_command_string
    libshutdown.o(.ARM.Collect$$libshutdown$$00000000) refers (Special) to libshutdown2.o(.ARM.Collect$$libshutdown$$00000006) for __rt_lib_shutdown_fp_trap_1
    libshutdown.o(.ARM.Collect$$libshutdown$$00000000) refers (Special) to libshutdown2.o(.ARM.Collect$$libshutdown$$0000000E) for __rt_lib_shutdown_heap_1
    libshutdown.o(.ARM.Collect$$libshutdown$$00000000) refers (Special) to libshutdown2.o(.ARM.Collect$$libshutdown$$0000000F) for __rt_lib_shutdown_return
    libshutdown.o(.ARM.Collect$$libshutdown$$00000000) refers (Special) to libshutdown2.o(.ARM.Collect$$libshutdown$$00000009) for __rt_lib_shutdown_signal_1
    libshutdown.o(.ARM.Collect$$libshutdown$$00000000) refers (Special) to libshutdown2.o(.ARM.Collect$$libshutdown$$00000003) for __rt_lib_shutdown_stdio_1
    libshutdown.o(.ARM.Collect$$libshutdown$$00000000) refers (Special) to libshutdown2.o(.ARM.Collect$$libshutdown$$0000000B) for __rt_lib_shutdown_user_alloc_1
    sys_command.o(.text) refers (Special) to use_no_semi.o(.text) for __I$use$semihosting
    defsig_rtmem_outer.o(.text) refers to defsig_rtmem_inner.o(.text) for __rt_SIGRTMEM_inner
    defsig_rtmem_outer.o(.text) refers to defsig_exit.o(.text) for __sig_exit
    defsig_rtmem_formal.o(.text) refers to rt_raise.o(.text) for __rt_raise
    rt_raise.o(.text) refers to __raise.o(.text) for __raise
    rt_raise.o(.text) refers to sys_exit.o(.text) for _sys_exit
    defsig_exit.o(.text) refers to sys_exit.o(.text) for _sys_exit
    defsig_rtmem_inner.o(.text) refers to defsig_general.o(.text) for __default_signal_display
    __raise.o(.text) refers to defsig.o(CL$$defsig) for __default_signal_handler
    defsig_general.o(.text) refers to sys_wrch.o(.text) for _ttywrch
    sys_wrch.o(.text) refers (Special) to use_no_semi.o(.text) for __I$use$semihosting
    defsig.o(CL$$defsig) refers to defsig_rtmem_inner.o(.text) for __rt_SIGRTMEM_inner
    defsig_abrt_inner.o(.text) refers to defsig_general.o(.text) for __default_signal_display
    defsig_fpe_inner.o(.text) refers to defsig_general.o(.text) for __default_signal_display
    defsig_rtred_inner.o(.text) refers to defsig_general.o(.text) for __default_signal_display
    defsig_stak_inner.o(.text) refers to defsig_general.o(.text) for __default_signal_display
    defsig_pvfn_inner.o(.text) refers to defsig_general.o(.text) for __default_signal_display
    defsig_cppl_inner.o(.text) refers to defsig_general.o(.text) for __default_signal_display
    defsig_segv_inner.o(.text) refers to defsig_general.o(.text) for __default_signal_display
    defsig_other.o(.text) refers to defsig_general.o(.text) for __default_signal_display


==============================================================================

Removing Unused input sections from the image.

    Removing core_cm3.o(.emb_text), (32 bytes).
    Removing isp_iap.o(.constdata), (4 bytes).

2 unused section(s) (total 36 bytes) removed from the image.

==============================================================================

Image Symbol Table

    Local Symbols

    Symbol Name                              Value     Ov Type        Size  Object(Section)

    RESET                                    0x00000000   Section      196  startup_lpc17xx.o(RESET)
    ../../angel/boardlib.s                   0x00000000   Number         0  boardinit3.o ABSOLUTE
    ../../angel/boardlib.s                   0x00000000   Number         0  boardinit2.o ABSOLUTE
    ../../angel/boardlib.s                   0x00000000   Number         0  boardinit1.o ABSOLUTE
    ../../angel/boardlib.s                   0x00000000   Number         0  boardshut.o ABSOLUTE
    ../../angel/handlers.s                   0x00000000   Number         0  __scatter_zi.o ABSOLUTE
    ../../angel/handlers.s                   0x00000000   Number         0  __scatter_copy.o ABSOLUTE
    ../../angel/kernel.s                     0x00000000   Number         0  rtexit.o ABSOLUTE
    ../../angel/kernel.s                     0x00000000   Number         0  rtentry.o ABSOLUTE
    ../../angel/kernel.s                     0x00000000   Number         0  rtexit2.o ABSOLUTE
    ../../angel/kernel.s                     0x00000000   Number         0  rtentry4.o ABSOLUTE
    ../../angel/kernel.s                     0x00000000   Number         0  rtentry2.o ABSOLUTE
    ../../angel/rt.s                         0x00000000   Number         0  rt_raise.o ABSOLUTE
    ../../angel/scatter.s                    0x00000000   Number         0  __scatter.o ABSOLUTE
    ../../angel/startup.s                    0x00000000   Number         0  __main.o ABSOLUTE
    ../../angel/sys.s                        0x00000000   Number         0  libspace.o ABSOLUTE
    ../../angel/sys.s                        0x00000000   Number         0  use_no_semi.o ABSOLUTE
    ../../angel/sys.s                        0x00000000   Number         0  sys_stackheap_outer.o ABSOLUTE
    ../../angel/sys.s                        0x00000000   Number         0  sys_exit.o ABSOLUTE
    ../../angel/sysapp.c                     0x00000000   Number         0  sys_wrch.o ABSOLUTE
    ../../angel/sysapp.c                     0x00000000   Number         0  sys_command.o ABSOLUTE
    ../../armsys.c                           0x00000000   Number         0  argv_veneer.o ABSOLUTE
    ../../armsys.c                           0x00000000   Number         0  argv_veneer.o ABSOLUTE
    ../../armsys.c                           0x00000000   Number         0  _get_argv_nomalloc.o ABSOLUTE
    ../../armsys.c                           0x00000000   Number         0  no_argv.o ABSOLUTE
    ../../fpinit.s                           0x00000000   Number         0  fpinit.o ABSOLUTE
    ../../heapalloc.c                        0x00000000   Number         0  hrguard.o ABSOLUTE
    ../../heapaux.c                          0x00000000   Number         0  heapauxi.o ABSOLUTE
    ../../libinit.s                          0x00000000   Number         0  libinit2.o ABSOLUTE
    ../../libinit.s                          0x00000000   Number         0  libshutdown2.o ABSOLUTE
    ../../libinit.s                          0x00000000   Number         0  libinit.o ABSOLUTE
    ../../libinit.s                          0x00000000   Number         0  libshutdown.o ABSOLUTE
    ../../memcpset.s                         0x00000000   Number         0  rt_memcpy_w.o ABSOLUTE
    ../../memcpset.s                         0x00000000   Number         0  rt_memcpy_v6.o ABSOLUTE
    ../../signal.c                           0x00000000   Number         0  __raise.o ABSOLUTE
    ../../signal.c                           0x00000000   Number         0  defsig_rtred_inner.o ABSOLUTE
    ../../signal.c                           0x00000000   Number         0  defsig_stak_inner.o ABSOLUTE
    ../../signal.c                           0x00000000   Number         0  defsig_pvfn_inner.o ABSOLUTE
    ../../signal.c                           0x00000000   Number         0  defsig_cppl_inner.o ABSOLUTE
    ../../signal.c                           0x00000000   Number         0  defsig_rtmem_formal.o ABSOLUTE
    ../../signal.c                           0x00000000   Number         0  defsig_segv_inner.o ABSOLUTE
    ../../signal.c                           0x00000000   Number         0  defsig_rtmem_outer.o ABSOLUTE
    ../../signal.c                           0x00000000   Number         0  defsig_fpe_inner.o ABSOLUTE
    ../../signal.c                           0x00000000   Number         0  defsig_exit.o ABSOLUTE
    ../../signal.c                           0x00000000   Number         0  defsig_rtmem_inner.o ABSOLUTE
    ../../signal.c                           0x00000000   Number         0  defsig_general.o ABSOLUTE
    ../../signal.c                           0x00000000   Number         0  defsig_other.o ABSOLUTE
    ../../signal.c                           0x00000000   Number         0  defsig_abrt_inner.o ABSOLUTE
    ../../signal.s                           0x00000000   Number         0  defsig.o ABSOLUTE
    ../../stdlib.c                           0x00000000   Number         0  exit.o ABSOLUTE
    Core_CM3\\core_cm3.c                     0x00000000   Number         0  core_cm3.o ABSOLUTE
    Core_CM3\core_cm3.c                      0x00000000   Number         0  core_cm3.o ABSOLUTE
    Debug\uart.c                             0x00000000   Number         0  uart.o ABSOLUTE
    board_init\board_init.c                  0x00000000   Number         0  board_init.o ABSOLUTE
    comms.c                                  0x00000000   Number         0  comms.o ABSOLUTE
    dc.s                                     0x00000000   Number         0  dc.o ABSOLUTE
    ethernet\emac.c                          0x00000000   Number         0  emac.o ABSOLUTE
    ethernet\mdio.c                          0x00000000   Number         0  mdio.o ABSOLUTE
    isp\isp_iap.c                            0x00000000   Number         0  isp_iap.o ABSOLUTE
    sbl_main.c                               0x00000000   Number         0  sbl_main.o ABSOLUTE
    startup\startup_LPC17xx.s                0x00000000   Number         0  startup_lpc17xx.o ABSOLUTE
    timer\timer.c                            0x00000000   Number         0  timer.o ABSOLUTE
    !!!main                                  0x000000c4   Section        8  __main.o(!!!main)
    !!!scatter                               0x000000cc   Section       52  __scatter.o(!!!scatter)
    !!handler_copy                           0x00000100   Section       26  __scatter_copy.o(!!handler_copy)
    !!handler_zi                             0x0000011c   Section       28  __scatter_zi.o(!!handler_zi)
    .ARM.Collect$$libinit$$00000000          0x00000138   Section        6  libinit.o(.ARM.Collect$$libinit$$00000000)
    .ARM.Collect$$libinit$$00000006          0x0000013e   Section        0  libinit2.o(.ARM.Collect$$libinit$$00000006)
    .ARM.Collect$$libinit$$00000008          0x0000013e   Section        0  libinit2.o(.ARM.Collect$$libinit$$00000008)
    .ARM.Collect$$libinit$$0000000A          0x0000013e   Section        0  libinit2.o(.ARM.Collect$$libinit$$0000000A)
    .ARM.Collect$$libinit$$0000000D          0x0000013e   Section        0  libinit2.o(.ARM.Collect$$libinit$$0000000D)
    .ARM.Collect$$libinit$$0000000F          0x0000013e   Section        0  libinit2.o(.ARM.Collect$$libinit$$0000000F)
    .ARM.Collect$$libinit$$00000011          0x0000013e   Section        0  libinit2.o(.ARM.Collect$$libinit$$00000011)
    .ARM.Collect$$libinit$$00000013          0x0000013e   Section        0  libinit2.o(.ARM.Collect$$libinit$$00000013)
    .ARM.Collect$$libinit$$00000015          0x0000013e   Section        0  libinit2.o(.ARM.Collect$$libinit$$00000015)
    .ARM.Collect$$libinit$$00000017          0x0000013e   Section        0  libinit2.o(.ARM.Collect$$libinit$$00000017)
    .ARM.Collect$$libinit$$00000019          0x0000013e   Section        0  libinit2.o(.ARM.Collect$$libinit$$00000019)
    .ARM.Collect$$libinit$$0000001B          0x0000013e   Section        0  libinit2.o(.ARM.Collect$$libinit$$0000001B)
    .ARM.Collect$$libinit$$0000001D          0x0000013e   Section        0  libinit2.o(.ARM.Collect$$libinit$$0000001D)
    .ARM.Collect$$libinit$$0000001F          0x0000013e   Section        0  libinit2.o(.ARM.Collect$$libinit$$0000001F)
    .ARM.Collect$$libinit$$00000021          0x0000013e   Section        0  libinit2.o(.ARM.Collect$$libinit$$00000021)
    .ARM.Collect$$libinit$$00000028          0x0000013e   Section        0  libinit2.o(.ARM.Collect$$libinit$$00000028)
    .ARM.Collect$$libinit$$0000002A          0x0000013e   Section        0  libinit2.o(.ARM.Collect$$libinit$$0000002A)
    .ARM.Collect$$libinit$$0000002C          0x0000013e   Section        0  libinit2.o(.ARM.Collect$$libinit$$0000002C)
    .ARM.Collect$$libinit$$0000002E          0x0000013e   Section        0  libinit2.o(.ARM.Collect$$libinit$$0000002E)
    .ARM.Collect$$libinit$$0000002F          0x0000013e   Section        2  libinit2.o(.ARM.Collect$$libinit$$0000002F)
    .ARM.Collect$$libshutdown$$00000000      0x00000140   Section        2  libshutdown.o(.ARM.Collect$$libshutdown$$00000000)
    .ARM.Collect$$libshutdown$$00000003      0x00000142   Section        0  libshutdown2.o(.ARM.Collect$$libshutdown$$00000003)
    .ARM.Collect$$libshutdown$$00000006      0x00000142   Section        0  libshutdown2.o(.ARM.Collect$$libshutdown$$00000006)
    .ARM.Collect$$libshutdown$$00000009      0x00000142   Section        0  libshutdown2.o(.ARM.Collect$$libshutdown$$00000009)
    .ARM.Collect$$libshutdown$$0000000B      0x00000142   Section        0  libshutdown2.o(.ARM.Collect$$libshutdown$$0000000B)
    .ARM.Collect$$libshutdown$$0000000E      0x00000142   Section        0  libshutdown2.o(.ARM.Collect$$libshutdown$$0000000E)
    .ARM.Collect$$libshutdown$$0000000F      0x00000142   Section        2  libshutdown2.o(.ARM.Collect$$libshutdown$$0000000F)
    .ARM.Collect$$rtentry$$00000000          0x00000144   Section        0  rtentry.o(.ARM.Collect$$rtentry$$00000000)
    .ARM.Collect$$rtentry$$00000002          0x00000144   Section        0  rtentry2.o(.ARM.Collect$$rtentry$$00000002)
    .ARM.Collect$$rtentry$$00000004          0x00000144   Section        6  rtentry4.o(.ARM.Collect$$rtentry$$00000004)
    .ARM.Collect$$rtentry$$00000009          0x0000014a   Section        0  rtentry2.o(.ARM.Collect$$rtentry$$00000009)
    .ARM.Collect$$rtentry$$0000000A          0x0000014a   Section        4  rtentry2.o(.ARM.Collect$$rtentry$$0000000A)
    .ARM.Collect$$rtentry$$0000000C          0x0000014e   Section        0  rtentry2.o(.ARM.Collect$$rtentry$$0000000C)
    .ARM.Collect$$rtentry$$0000000D          0x0000014e   Section        8  rtentry2.o(.ARM.Collect$$rtentry$$0000000D)
    .ARM.Collect$$rtexit$$00000000           0x00000156   Section        0  rtexit.o(.ARM.Collect$$rtexit$$00000000)
    .ARM.Collect$$rtexit$$00000002           0x00000156   Section        0  rtexit2.o(.ARM.Collect$$rtexit$$00000002)
    .ARM.Collect$$rtexit$$00000003           0x00000156   Section        4  rtexit2.o(.ARM.Collect$$rtexit$$00000003)
    .ARM.Collect$$rtexit$$00000004           0x0000015a   Section        4  rtexit2.o(.ARM.Collect$$rtexit$$00000004)
    .text                                    0x00000160   Section       52  startup_lpc17xx.o(.text)
    .text                                    0x00000194   Section      144  board_init.o(.text)
    .text                                    0x00000224   Section       54  sbl_main.o(.text)
    .text                                    0x0000025a   Section       16  comms.o(.text)
    .text                                    0x0000026c   Section      132  timer.o(.text)
    .text                                    0x000002f0   Section        6  heapauxi.o(.text)
    .text                                    0x000002f6   Section        2  use_no_semi.o(.text)
    .ARM.__at_0x2FC                          0x000002fc   Section        4  sbl_main.o(.ARM.__at_0x2FC)
    .text                                    0x00000300   Section     2644  isp_iap.o(.text)
    .text                                    0x00000d54   Section     2172  emac.o(.text)
    .text                                    0x000015d0   Section      228  mdio.o(.text)
    output_MDIO                              0x000015d1   Thumb Code    42  mdio.o(.text)
    turnaround_MDIO                          0x0000169f   Thumb Code    18  mdio.o(.text)
    .text                                    0x000016b4   Section      196  uart.o(.text)
    .text                                    0x00001778   Section      140  rt_memcpy_v6.o(.text)
    .text                                    0x00001804   Section      100  rt_memcpy_w.o(.text)
    .text                                    0x00001868   Section       74  sys_stackheap_outer.o(.text)
    .text                                    0x000018b2   Section       12  exit.o(.text)
    .text                                    0x000018c0   Section        8  libspace.o(.text)
    .text                                    0x000018c8   Section       20  sys_exit.o(.text)
    .constdata                               0x000018dc   Section       23  isp_iap.o(.constdata)
    .constdata                               0x000018f3   Section       16  emac.o(.constdata)
    .data                                    0x10003000   Section        8  isp_iap.o(.data)
    .data                                    0x10003008   Section       36  emac.o(.data)
    rxptr                                    0x10003014   Data           4  emac.o(.data)
    txptr                                    0x10003018   Data           4  emac.o(.data)
    .bss                                     0x1000302c   Section      208  isp_iap.o(.bss)
    .bss                                     0x100030fc   Section      240  emac.o(.bss)
    .bss                                     0x100031ec   Section       96  libspace.o(.bss)
    HEAP                                     0x10003250   Section        0  startup_lpc17xx.o(HEAP)
    STACK                                    0x10003250   Section      512  startup_lpc17xx.o(STACK)
    Heap_Mem                                 0x10003250   Data           0  startup_lpc17xx.o(HEAP)
    Stack_Mem                                0x10003250   Data         512  startup_lpc17xx.o(STACK)
    __initial_sp                             0x10003450   Data           0  startup_lpc17xx.o(STACK)

    Global Symbols

    Symbol Name                              Value     Ov Type        Size  Object(Section)

    BuildAttributes$$THM_ISAv4$P$D$K$B$S$PE$A:L22UL41UL21$X:L11$S22US41US21$IEEE1$IW$USESV6$~STKCKD$USESV7$~SHL$OSPACE$ROPI$EBA8$UX$STANDARDLIB$REQ8$PRES8$EABIv2 0x00000000   Number         0  anon$$obj.o ABSOLUTE
    __ARM_use_no_argv                        0x00000000   Number         0  sbl_main.o ABSOLUTE
    __Vectors                                0x00000000   Data           4  startup_lpc17xx.o(RESET)
    __ARM_exceptions_init                     - Undefined Weak Reference
    __alloca_initialize                       - Undefined Weak Reference
    __cpp_initialize__aeabi_                  - Undefined Weak Reference
    __cxa_finalize                            - Undefined Weak Reference
    __rt_locale                               - Undefined Weak Reference
    __sigvec_lookup                           - Undefined Weak Reference
    _atexit_init                              - Undefined Weak Reference
    _call_atexit_fns                          - Undefined Weak Reference
    _clock_init                               - Undefined Weak Reference
    _fp_trap_init                             - Undefined Weak Reference
    _fp_trap_shutdown                         - Undefined Weak Reference
    _get_lc_collate                           - Undefined Weak Reference
    _get_lc_ctype                             - Undefined Weak Reference
    _get_lc_monetary                          - Undefined Weak Reference
    _get_lc_numeric                           - Undefined Weak Reference
    _get_lc_time                              - Undefined Weak Reference
    _getenv_init                              - Undefined Weak Reference
    _handle_redirection                       - Undefined Weak Reference
    _init_alloc                               - Undefined Weak Reference
    _init_user_alloc                          - Undefined Weak Reference
    _initio                                   - Undefined Weak Reference
    _rand_init                                - Undefined Weak Reference
    _signal_finish                            - Undefined Weak Reference
    _signal_init                              - Undefined Weak Reference
    _terminate_alloc                          - Undefined Weak Reference
    _terminate_user_alloc                     - Undefined Weak Reference
    _terminateio                              - Undefined Weak Reference
    __main                                   0x000000c5   Thumb Code     8  __main.o(!!!main)
    __scatterload                            0x000000cd   Thumb Code     0  __scatter.o(!!!scatter)
    __scatterload_rt2                        0x000000cd   Thumb Code    44  __scatter.o(!!!scatter)
    __scatterload_rt2_thumb_only             0x000000cd   Thumb Code     0  __scatter.o(!!!scatter)
    __scatterload_null                       0x000000db   Thumb Code     0  __scatter.o(!!!scatter)
    __scatterload_copy                       0x00000101   Thumb Code    26  __scatter_copy.o(!!handler_copy)
    __scatterload_zeroinit                   0x0000011d   Thumb Code    28  __scatter_zi.o(!!handler_zi)
    __rt_lib_init                            0x00000139   Thumb Code     0  libinit.o(.ARM.Collect$$libinit$$00000000)
    __rt_lib_init_alloca_1                   0x0000013f   Thumb Code     0  libinit2.o(.ARM.Collect$$libinit$$0000002A)
    __rt_lib_init_argv_1                     0x0000013f   Thumb Code     0  libinit2.o(.ARM.Collect$$libinit$$00000028)
    __rt_lib_init_atexit_1                   0x0000013f   Thumb Code     0  libinit2.o(.ARM.Collect$$libinit$$00000017)
    __rt_lib_init_clock_1                    0x0000013f   Thumb Code     0  libinit2.o(.ARM.Collect$$libinit$$0000001D)
    __rt_lib_init_cpp_1                      0x0000013f   Thumb Code     0  libinit2.o(.ARM.Collect$$libinit$$0000002E)
    __rt_lib_init_exceptions_1               0x0000013f   Thumb Code     0  libinit2.o(.ARM.Collect$$libinit$$0000002C)
    __rt_lib_init_fp_trap_1                  0x0000013f   Thumb Code     0  libinit2.o(.ARM.Collect$$libinit$$0000001B)
    __rt_lib_init_getenv_1                   0x0000013f   Thumb Code     0  libinit2.o(.ARM.Collect$$libinit$$0000001F)
    __rt_lib_init_heap_1                     0x0000013f   Thumb Code     0  libinit2.o(.ARM.Collect$$libinit$$00000006)
    __rt_lib_init_lc_collate_1               0x0000013f   Thumb Code     0  libinit2.o(.ARM.Collect$$libinit$$0000000D)
    __rt_lib_init_lc_ctype_1                 0x0000013f   Thumb Code     0  libinit2.o(.ARM.Collect$$libinit$$0000000F)
    __rt_lib_init_lc_monetary_1              0x0000013f   Thumb Code     0  libinit2.o(.ARM.Collect$$libinit$$00000011)
    __rt_lib_init_lc_numeric_1               0x0000013f   Thumb Code     0  libinit2.o(.ARM.Collect$$libinit$$00000013)
    __rt_lib_init_lc_time_1                  0x0000013f   Thumb Code     0  libinit2.o(.ARM.Collect$$libinit$$00000015)
    __rt_lib_init_rand_1                     0x0000013f   Thumb Code     0  libinit2.o(.ARM.Collect$$libinit$$0000000A)
    __rt_lib_init_return                     0x0000013f   Thumb Code     0  libinit2.o(.ARM.Collect$$libinit$$0000002F)
    __rt_lib_init_signal_1                   0x0000013f   Thumb Code     0  libinit2.o(.ARM.Collect$$libinit$$00000019)
    __rt_lib_init_stdio_1                    0x0000013f   Thumb Code     0  libinit2.o(.ARM.Collect$$libinit$$00000021)
    __rt_lib_init_user_alloc_1               0x0000013f   Thumb Code     0  libinit2.o(.ARM.Collect$$libinit$$00000008)
    __rt_lib_shutdown                        0x00000141   Thumb Code     0  libshutdown.o(.ARM.Collect$$libshutdown$$00000000)
    __rt_lib_shutdown_fp_trap_1              0x00000143   Thumb Code     0  libshutdown2.o(.ARM.Collect$$libshutdown$$00000006)
    __rt_lib_shutdown_heap_1                 0x00000143   Thumb Code     0  libshutdown2.o(.ARM.Collect$$libshutdown$$0000000E)
    __rt_lib_shutdown_return                 0x00000143   Thumb Code     0  libshutdown2.o(.ARM.Collect$$libshutdown$$0000000F)
    __rt_lib_shutdown_signal_1               0x00000143   Thumb Code     0  libshutdown2.o(.ARM.Collect$$libshutdown$$00000009)
    __rt_lib_shutdown_stdio_1                0x00000143   Thumb Code     0  libshutdown2.o(.ARM.Collect$$libshutdown$$00000003)
    __rt_lib_shutdown_user_alloc_1           0x00000143   Thumb Code     0  libshutdown2.o(.ARM.Collect$$libshutdown$$0000000B)
    __rt_entry                               0x00000145   Thumb Code     0  rtentry.o(.ARM.Collect$$rtentry$$00000000)
    __rt_entry_presh_1                       0x00000145   Thumb Code     0  rtentry2.o(.ARM.Collect$$rtentry$$00000002)
    __rt_entry_sh                            0x00000145   Thumb Code     0  rtentry4.o(.ARM.Collect$$rtentry$$00000004)
    __rt_entry_li                            0x0000014b   Thumb Code     0  rtentry2.o(.ARM.Collect$$rtentry$$0000000A)
    __rt_entry_postsh_1                      0x0000014b   Thumb Code     0  rtentry2.o(.ARM.Collect$$rtentry$$00000009)
    __rt_entry_main                          0x0000014f   Thumb Code     0  rtentry2.o(.ARM.Collect$$rtentry$$0000000D)
    __rt_entry_postli_1                      0x0000014f   Thumb Code     0  rtentry2.o(.ARM.Collect$$rtentry$$0000000C)
    __rt_exit                                0x00000157   Thumb Code     0  rtexit.o(.ARM.Collect$$rtexit$$00000000)
    __rt_exit_ls                             0x00000157   Thumb Code     0  rtexit2.o(.ARM.Collect$$rtexit$$00000003)
    __rt_exit_prels_1                        0x00000157   Thumb Code     0  rtexit2.o(.ARM.Collect$$rtexit$$00000002)
    __rt_exit_exit                           0x0000015b   Thumb Code     0  rtexit2.o(.ARM.Collect$$rtexit$$00000004)
    Reset_Handler                            0x00000161   Thumb Code     4  startup_lpc17xx.o(.text)
    NMI_Handler                              0x00000165   Thumb Code     2  startup_lpc17xx.o(.text)
    HardFault_Handler                        0x00000167   Thumb Code     2  startup_lpc17xx.o(.text)
    MemManage_Handler                        0x00000169   Thumb Code     2  startup_lpc17xx.o(.text)
    BusFault_Handler                         0x0000016b   Thumb Code     2  startup_lpc17xx.o(.text)
    UsageFault_Handler                       0x0000016d   Thumb Code     2  startup_lpc17xx.o(.text)
    SVC_Handler                              0x0000016f   Thumb Code     2  startup_lpc17xx.o(.text)
    DebugMon_Handler                         0x00000171   Thumb Code     2  startup_lpc17xx.o(.text)
    PendSV_Handler                           0x00000173   Thumb Code     2  startup_lpc17xx.o(.text)
    SysTick_Handler                          0x00000175   Thumb Code     2  startup_lpc17xx.o(.text)
    ADC_IRQHandler                           0x00000177   Thumb Code     0  startup_lpc17xx.o(.text)
    BOD_IRQHandler                           0x00000177   Thumb Code     0  startup_lpc17xx.o(.text)
    CAN_IRQHandler                           0x00000177   Thumb Code     0  startup_lpc17xx.o(.text)
    DMA_IRQHandler                           0x00000177   Thumb Code     0  startup_lpc17xx.o(.text)
    EINT0_IRQHandler                         0x00000177   Thumb Code     0  startup_lpc17xx.o(.text)
    EINT1_IRQHandler                         0x00000177   Thumb Code     0  startup_lpc17xx.o(.text)
    EINT2_IRQHandler                         0x00000177   Thumb Code     0  startup_lpc17xx.o(.text)
    EINT3_IRQHandler                         0x00000177   Thumb Code     0  startup_lpc17xx.o(.text)
    ENET_IRQHandler                          0x00000177   Thumb Code     0  startup_lpc17xx.o(.text)
    I2C0_IRQHandler                          0x00000177   Thumb Code     0  startup_lpc17xx.o(.text)
    I2C1_IRQHandler                          0x00000177   Thumb Code     0  startup_lpc17xx.o(.text)
    I2C2_IRQHandler                          0x00000177   Thumb Code     0  startup_lpc17xx.o(.text)
    I2S_IRQHandler                           0x00000177   Thumb Code     0  startup_lpc17xx.o(.text)
    MCPWM_IRQHandler                         0x00000177   Thumb Code     0  startup_lpc17xx.o(.text)
    PLL0_IRQHandler                          0x00000177   Thumb Code     0  startup_lpc17xx.o(.text)
    PLL1_IRQHandler                          0x00000177   Thumb Code     0  startup_lpc17xx.o(.text)
    PWM1_IRQHandler                          0x00000177   Thumb Code     0  startup_lpc17xx.o(.text)
    QEI_IRQHandler                           0x00000177   Thumb Code     0  startup_lpc17xx.o(.text)
    RIT_IRQHandler                           0x00000177   Thumb Code     0  startup_lpc17xx.o(.text)
    RTC_IRQHandler                           0x00000177   Thumb Code     0  startup_lpc17xx.o(.text)
    SPI_IRQHandler                           0x00000177   Thumb Code     0  startup_lpc17xx.o(.text)
    SSP0_IRQHandler                          0x00000177   Thumb Code     0  startup_lpc17xx.o(.text)
    SSP1_IRQHandler                          0x00000177   Thumb Code     0  startup_lpc17xx.o(.text)
    TIMER0_IRQHandler                        0x00000177   Thumb Code     0  startup_lpc17xx.o(.text)
    TIMER1_IRQHandler                        0x00000177   Thumb Code     0  startup_lpc17xx.o(.text)
    TIMER2_IRQHandler                        0x00000177   Thumb Code     0  startup_lpc17xx.o(.text)
    TIMER3_IRQHandler                        0x00000177   Thumb Code     0  startup_lpc17xx.o(.text)
    UART0_IRQHandler                         0x00000177   Thumb Code     0  startup_lpc17xx.o(.text)
    UART1_IRQHandler                         0x00000177   Thumb Code     0  startup_lpc17xx.o(.text)
    UART2_IRQHandler                         0x00000177   Thumb Code     0  startup_lpc17xx.o(.text)
    UART3_IRQHandler                         0x00000177   Thumb Code     0  startup_lpc17xx.o(.text)
    USB_IRQHandler                           0x00000177   Thumb Code     0  startup_lpc17xx.o(.text)
    WDT_IRQHandler                           0x00000177   Thumb Code     0  startup_lpc17xx.o(.text)
    __user_initial_stackheap                 0x00000179   Thumb Code     0  startup_lpc17xx.o(.text)
    init_PLL                                 0x00000195   Thumb Code   108  board_init.o(.text)
    init_MAM                                 0x00000201   Thumb Code     2  board_init.o(.text)
    init_PCB                                 0x00000203   Thumb Code     2  board_init.o(.text)
    VectorsRemap                             0x00000205   Thumb Code     2  board_init.o(.text)
    board_init                               0x00000207   Thumb Code    20  board_init.o(.text)
    enter_isp                                0x00000225   Thumb Code    22  sbl_main.o(.text)
    main                                     0x0000023b   Thumb Code    32  sbl_main.o(.text)
    init_comms                               0x0000025b   Thumb Code     4  comms.o(.text)
    getline                                  0x0000025f   Thumb Code     4  comms.o(.text)
    sendline_crlf                            0x00000263   Thumb Code     4  comms.o(.text)
    comm_handshake                           0x00000267   Thumb Code     4  comms.o(.text)
    Timer_init                               0x0000026d   Thumb Code    40  timer.o(.text)
    Timer_DeInit                             0x00000295   Thumb Code    20  timer.o(.text)
    Timer_GetTimestamp                       0x000002a9   Thumb Code     8  timer.o(.text)
    Timer_HasTimestampExpired                0x000002b1   Thumb Code    36  timer.o(.text)
    Timer_Delay                              0x000002d5   Thumb Code    22  timer.o(.text)
    __use_two_region_memory                  0x000002f1   Thumb Code     2  heapauxi.o(.text)
    __rt_heap_escrow$2region                 0x000002f3   Thumb Code     2  heapauxi.o(.text)
    __rt_heap_expand$2region                 0x000002f5   Thumb Code     2  heapauxi.o(.text)
    __I$use$semihosting                      0x000002f7   Thumb Code     0  use_no_semi.o(.text)
    __use_no_semihosting_swi                 0x000002f7   Thumb Code     2  use_no_semi.o(.text)
    crp                                      0x000002fc   Data           4  sbl_main.o(.ARM.__at_0x2FC)
    is_div                                   0x00000301   Thumb Code    10  isp_iap.o(.text)
    __rt_div0                                0x0000030b   Thumb Code     2  isp_iap.o(.text)
    str_cmp                                  0x0000030d   Thumb Code    30  isp_iap.o(.text)
    a_to_i                                   0x0000032b   Thumb Code    50  isp_iap.o(.text)
    i_to_a                                   0x0000035d   Thumb Code    54  isp_iap.o(.text)
    run_isp                                  0x00000393   Thumb Code    38  isp_iap.o(.text)
    param_check                              0x000003b9   Thumb Code   136  isp_iap.o(.text)
    iap_entry                                0x00000441   Thumb Code     4  isp_iap.o(.text)
    decode                                   0x00000445   Thumb Code    14  isp_iap.o(.text)
    uudecode                                 0x00000453   Thumb Code   182  isp_iap.o(.text)
    encode                                   0x00000509   Thumb Code    12  isp_iap.o(.text)
    uuencode                                 0x00000515   Thumb Code   122  isp_iap.o(.text)
    write_to_ram                             0x0000058f   Thumb Code   226  isp_iap.o(.text)
    read                                     0x00000671   Thumb Code   182  isp_iap.o(.text)
    go_cmd                                   0x00000727   Thumb Code    80  isp_iap.o(.text)
    unlock                                   0x00000777   Thumb Code    80  isp_iap.o(.text)
    prepare_sector                           0x000007c7   Thumb Code    76  isp_iap.o(.text)
    copy                                     0x00000813   Thumb Code   146  isp_iap.o(.text)
    erase                                    0x000008a5   Thumb Code   178  isp_iap.o(.text)
    blank_check                              0x00000957   Thumb Code   142  isp_iap.o(.text)
    compare_mem                              0x000009e5   Thumb Code   116  isp_iap.o(.text)
    tokenize                                 0x00000a59   Thumb Code   110  isp_iap.o(.text)
    enable_interrupts                        0x00000ac7   Thumb Code     4  isp_iap.o(.text)
    disable_interrupts                       0x00000acb   Thumb Code     4  isp_iap.o(.text)
    execute_user_code                        0x00000acf   Thumb Code     6  isp_iap.o(.text)
    user_code_present                        0x00000ad5   Thumb Code    38  isp_iap.o(.text)
    check_isp_entry_pin                      0x00000afb   Thumb Code    16  isp_iap.o(.text)
    is_LPC175x                               0x00000b0b   Thumb Code    42  isp_iap.o(.text)
    exec_isp_cmd                             0x00000b35   Thumb Code   316  isp_iap.o(.text)
    isp_cmd_loop                             0x00000c71   Thumb Code   208  isp_iap.o(.text)
    write_PHY                                0x00000d55   Thumb Code    42  emac.o(.text)
    read_PHY                                 0x00000d7f   Thumb Code    56  emac.o(.text)
    ReadFrame_EMAC                           0x00000db7   Thumb Code    12  emac.o(.text)
    CopyFromFrame_EMAC                       0x00000dc3   Thumb Code    38  emac.o(.text)
    same_mac                                 0x00000de9   Thumb Code    26  emac.o(.text)
    filter_pass                              0x00000e03   Thumb Code    62  emac.o(.text)
    WriteFrame_EMAC                          0x00000e41   Thumb Code    12  emac.o(.text)
    CopyToFrame_EMAC                         0x00000e4d   Thumb Code    32  emac.o(.text)
    chksum16                                 0x00000e6d   Thumb Code    48  emac.o(.text)
    init_emac                                0x00000e9d   Thumb Code   566  emac.o(.text)
    emac_getline                             0x000010d3   Thumb Code   630  emac.o(.text)
    emac_sendline_crlf                       0x00001349   Thumb Code   310  emac.o(.text)
    emac_handshake                           0x0000147f   Thumb Code   210  emac.o(.text)
    mdio_read                                0x000015fb   Thumb Code    90  mdio.o(.text)
    mdio_write                               0x00001655   Thumb Code    74  mdio.o(.text)
    conv                                     0x000016b5   Thumb Code    14  uart.o(.text)
    UART_init                                0x000016c3   Thumb Code    60  uart.o(.text)
    getchar                                  0x000016ff   Thumb Code    18  uart.o(.text)
    putchar                                  0x00001711   Thumb Code    28  uart.o(.text)
    print                                    0x0000172d   Thumb Code    24  uart.o(.text)
    printhexa                                0x00001745   Thumb Code    34  uart.o(.text)
    printascii                               0x00001767   Thumb Code     2  uart.o(.text)
    __aeabi_memcpy                           0x00001779   Thumb Code     0  rt_memcpy_v6.o(.text)
    __rt_memcpy                              0x00001779   Thumb Code   140  rt_memcpy_v6.o(.text)
    _memcpy_lastbytes                        0x000017e1   Thumb Code     0  rt_memcpy_v6.o(.text)
    __aeabi_memcpy4                          0x00001805   Thumb Code     0  rt_memcpy_w.o(.text)
    __aeabi_memcpy8                          0x00001805   Thumb Code     0  rt_memcpy_w.o(.text)
    __rt_memcpy_w                            0x00001805   Thumb Code   100  rt_memcpy_w.o(.text)
    _memcpy_lastbytes_aligned                0x0000184d   Thumb Code     0  rt_memcpy_w.o(.text)
    __user_setup_stackheap                   0x00001869   Thumb Code    74  sys_stackheap_outer.o(.text)
    exit                                     0x000018b3   Thumb Code    12  exit.o(.text)
    __user_libspace                          0x000018c1   Thumb Code     8  libspace.o(.text)
    __user_perproc_libspace                  0x000018c1   Thumb Code     0  libspace.o(.text)
    __user_perthread_libspace                0x000018c1   Thumb Code     0  libspace.o(.text)
    _sys_exit                                0x000018c9   Thumb Code    16  sys_exit.o(.text)
    ok                                       0x000018dc   Data           3  isp_iap.o(.constdata)
    resend                                   0x000018df   Data           7  isp_iap.o(.constdata)
    sync_str                                 0x000018e6   Data          13  isp_iap.o(.constdata)
    Ok                                       0x000018f3   Data           3  emac.o(.constdata)
    sync                                     0x000018f6   Data          13  emac.o(.constdata)
    Region$$Table$$Base                      0x00001904   Number         0  anon$$obj.o(Region$$Table)
    Region$$Table$$Limit                     0x00001924   Number         0  anon$$obj.o(Region$$Table)
    lock                                     0x10003000   Data           4  isp_iap.o(.data)
    crp_after_reset                          0x10003004   Data           4  isp_iap.o(.data)
    synchro                                  0x10003008   Data           1  emac.o(.data)
    data_size                                0x1000300a   Data           2  emac.o(.data)
    DestPort                                 0x1000300c   Data           2  emac.o(.data)
    SrcPort                                  0x1000300e   Data           2  emac.o(.data)
    dev_175x                                 0x10003010   Data           4  emac.o(.data)
    ethernet_timeout                         0x1000301c   Data           4  emac.o(.data)
    MyMAC                                    0x10003020   Data           6  emac.o(.data)
    HostMAC                                  0x10003026   Data           6  emac.o(.data)
    cmd_buf                                  0x1000302c   Data          70  isp_iap.o(.bss)
    param0                                   0x10003072   Data          15  isp_iap.o(.bss)
    param1                                   0x10003081   Data          15  isp_iap.o(.bss)
    param2                                   0x10003090   Data          15  isp_iap.o(.bss)
    param3                                   0x1000309f   Data          15  isp_iap.o(.bss)
    param4                                   0x100030ae   Data          15  isp_iap.o(.bss)
    param_buf                                0x100030c0   Data          20  isp_iap.o(.bss)
    param_table                              0x100030d4   Data          20  isp_iap.o(.bss)
    result_table                             0x100030e8   Data          20  isp_iap.o(.bss)
    rxbuffer                                 0x100030fc   Data         120  emac.o(.bss)
    txbuffer                                 0x10003174   Data         120  emac.o(.bss)
    __libspace_start                         0x100031ec   Data          96  libspace.o(.bss)
    __temporary_stack_top$libspace           0x1000324c   Data           0  libspace.o(.bss)



==============================================================================

Memory Map of the image

  Image Entry point : 0x000000c5

  Load Region LR_IROM1 (Base: 0x00000000, Size: 0x00001950, Max: 0x00080000, ABSOLUTE)

    Execution Region ER_IROM1 (Base: 0x00000000, Size: 0x00001924, Max: 0x00080000, ABSOLUTE)

    Base Addr    Size         Type   Attr      Idx    E Section Name        Object

    0x00000000   0x000000c4   Data   RO            3    RESET               startup_lpc17xx.o
    0x000000c4   0x00000008   Code   RO          243  * !!!main             __main.o(c_w.l)
    0x000000cc   0x00000034   Code   RO          402    !!!scatter          __scatter.o(c_w.l)
    0x00000100   0x0000001a   Code   RO          404    !!handler_copy      __scatter_copy.o(c_w.l)
    0x0000011a   0x00000002   PAD
    0x0000011c   0x0000001c   Code   RO          406    !!handler_zi        __scatter_zi.o(c_w.l)
    0x00000138   0x00000006   Code   RO          277    .ARM.Collect$$libinit$$00000000  libinit.o(c_w.l)
    0x0000013e   0x00000000   Code   RO          285    .ARM.Collect$$libinit$$00000006  libinit2.o(c_w.l)
    0x0000013e   0x00000000   Code   RO          287    .ARM.Collect$$libinit$$00000008  libinit2.o(c_w.l)
    0x0000013e   0x00000000   Code   RO          289    .ARM.Collect$$libinit$$0000000A  libinit2.o(c_w.l)
    0x0000013e   0x00000000   Code   RO          292    .ARM.Collect$$libinit$$0000000D  libinit2.o(c_w.l)
    0x0000013e   0x00000000   Code   RO          294    .ARM.Collect$$libinit$$0000000F  libinit2.o(c_w.l)
    0x0000013e   0x00000000   Code   RO          296    .ARM.Collect$$libinit$$00000011  libinit2.o(c_w.l)
    0x0000013e   0x00000000   Code   RO          298    .ARM.Collect$$libinit$$00000013  libinit2.o(c_w.l)
    0x0000013e   0x00000000   Code   RO          300    .ARM.Collect$$libinit$$00000015  libinit2.o(c_w.l)
    0x0000013e   0x00000000   Code   RO          302    .ARM.Collect$$libinit$$00000017  libinit2.o(c_w.l)
    0x0000013e   0x00000000   Code   RO          304    .ARM.Collect$$libinit$$00000019  libinit2.o(c_w.l)
    0x0000013e   0x00000000   Code   RO          306    .ARM.Collect$$libinit$$0000001B  libinit2.o(c_w.l)
    0x0000013e   0x00000000   Code   RO          308    .ARM.Collect$$libinit$$0000001D  libinit2.o(c_w.l)
    0x0000013e   0x00000000   Code   RO          310    .ARM.Collect$$libinit$$0000001F  libinit2.o(c_w.l)
    0x0000013e   0x00000000   Code   RO          312    .ARM.Collect$$libinit$$00000021  libinit2.o(c_w.l)
    0x0000013e   0x00000000   Code   RO          316    .ARM.Collect$$libinit$$00000028  libinit2.o(c_w.l)
    0x0000013e   0x00000000   Code   RO          318    .ARM.Collect$$libinit$$0000002A  libinit2.o(c_w.l)
    0x0000013e   0x00000000   Code   RO          320    .ARM.Collect$$libinit$$0000002C  libinit2.o(c_w.l)
    0x0000013e   0x00000000   Code   RO          322    .ARM.Collect$$libinit$$0000002E  libinit2.o(c_w.l)
    0x0000013e   0x00000002   Code   RO          323    .ARM.Collect$$libinit$$0000002F  libinit2.o(c_w.l)
    0x00000140   0x00000002   Code   RO          344    .ARM.Collect$$libshutdown$$00000000  libshutdown.o(c_w.l)
    0x00000142   0x00000000   Code   RO          357    .ARM.Collect$$libshutdown$$00000003  libshutdown2.o(c_w.l)
    0x00000142   0x00000000   Code   RO          360    .ARM.Collect$$libshutdown$$00000006  libshutdown2.o(c_w.l)
    0x00000142   0x00000000   Code   RO          363    .ARM.Collect$$libshutdown$$00000009  libshutdown2.o(c_w.l)
    0x00000142   0x00000000   Code   RO          365    .ARM.Collect$$libshutdown$$0000000B  libshutdown2.o(c_w.l)
    0x00000142   0x00000000   Code   RO          368    .ARM.Collect$$libshutdown$$0000000E  libshutdown2.o(c_w.l)
    0x00000142   0x00000002   Code   RO          369    .ARM.Collect$$libshutdown$$0000000F  libshutdown2.o(c_w.l)
    0x00000144   0x00000000   Code   RO          245    .ARM.Collect$$rtentry$$00000000  rtentry.o(c_w.l)
    0x00000144   0x00000000   Code   RO          250    .ARM.Collect$$rtentry$$00000002  rtentry2.o(c_w.l)
    0x00000144   0x00000006   Code   RO          265    .ARM.Collect$$rtentry$$00000004  rtentry4.o(c_w.l)
    0x0000014a   0x00000000   Code   RO          252    .ARM.Collect$$rtentry$$00000009  rtentry2.o(c_w.l)
    0x0000014a   0x00000004   Code   RO          253    .ARM.Collect$$rtentry$$0000000A  rtentry2.o(c_w.l)
    0x0000014e   0x00000000   Code   RO          255    .ARM.Collect$$rtentry$$0000000C  rtentry2.o(c_w.l)
    0x0000014e   0x00000008   Code   RO          256    .ARM.Collect$$rtentry$$0000000D  rtentry2.o(c_w.l)
    0x00000156   0x00000000   Code   RO          281    .ARM.Collect$$rtexit$$00000000  rtexit.o(c_w.l)
    0x00000156   0x00000000   Code   RO          327    .ARM.Collect$$rtexit$$00000002  rtexit2.o(c_w.l)
    0x00000156   0x00000004   Code   RO          328    .ARM.Collect$$rtexit$$00000003  rtexit2.o(c_w.l)
    0x0000015a   0x00000004   Code   RO          329    .ARM.Collect$$rtexit$$00000004  rtexit2.o(c_w.l)
    0x0000015e   0x00000002   PAD
    0x00000160   0x00000034   Code   RO            4    .text               startup_lpc17xx.o
    0x00000194   0x00000090   Code   RO           24    .text               board_init.o
    0x00000224   0x00000036   Code   RO           53    .text               sbl_main.o
    0x0000025a   0x00000010   Code   RO           82    .text               comms.o
    0x0000026a   0x00000002   PAD
    0x0000026c   0x00000084   Code   RO          221    .text               timer.o
    0x000002f0   0x00000006   Code   RO          241    .text               heapauxi.o(c_w.l)
    0x000002f6   0x00000002   Code   RO          347    .text               use_no_semi.o(c_w.l)
    0x000002f8   0x00000004   PAD
    0x000002fc   0x00000004   Data   RO           54    .ARM.__at_0x2FC     sbl_main.o
    0x00000300   0x00000a54   Code   RO          101    .text               isp_iap.o
    0x00000d54   0x0000087c   Code   RO          133    .text               emac.o
    0x000015d0   0x000000e4   Code   RO          173    .text               mdio.o
    0x000016b4   0x000000c4   Code   RO          198    .text               uart.o
    0x00001778   0x0000008c   Code   RO          239    .text               rt_memcpy_v6.o(c_w.l)
    0x00001804   0x00000064   Code   RO          247    .text               rt_memcpy_w.o(c_w.l)
    0x00001868   0x0000004a   Code   RO          267    .text               sys_stackheap_outer.o(c_w.l)
    0x000018b2   0x0000000c   Code   RO          269    .text               exit.o(c_w.l)
    0x000018be   0x00000002   PAD
    0x000018c0   0x00000008   Code   RO          278    .text               libspace.o(c_w.l)
    0x000018c8   0x00000014   Code   RO          336    .text               sys_exit.o(c_w.l)
    0x000018dc   0x00000017   Data   RO          104    .constdata          isp_iap.o
    0x000018f3   0x00000010   Data   RO          135    .constdata          emac.o
    0x00001903   0x00000001   PAD
    0x00001904   0x00000020   Data   RO          400    Region$$Table       anon$$obj.o


    Execution Region RW_IRAM1 (Base: 0x10003000, Size: 0x00000450, Max: 0x00001000, ABSOLUTE)

    Base Addr    Size         Type   Attr      Idx    E Section Name        Object

    0x10003000   0x00000008   Data   RW          105    .data               isp_iap.o
    0x10003008   0x00000024   Data   RW          136    .data               emac.o
    0x1000302c   0x000000d0   Zero   RW          102    .bss                isp_iap.o
    0x100030fc   0x000000f0   Zero   RW          134    .bss                emac.o
    0x100031ec   0x00000060   Zero   RW          279    .bss                libspace.o(c_w.l)
    0x1000324c   0x00000004   PAD
    0x10003250   0x00000000   Zero   RW            2    HEAP                startup_lpc17xx.o
    0x10003250   0x00000200   Zero   RW            1    STACK               startup_lpc17xx.o


==============================================================================

Image component sizes


      Code (inc. data)   RO Data    RW Data    ZI Data      Debug   Object Name

       144         10          0          0          0       1387   board_init.o
        16          0          0          0          0        866   comms.o
         0          0          0          0          0       1444   core_cm3.o
      2172        432         16         36        240       7112   emac.o
      2644         94         23          8        208      11098   isp_iap.o
       228          4          0          0          0       2111   mdio.o
        54          0          4          0          0       1225   sbl_main.o
        52         18        196          0        512        512   startup_lpc17xx.o
       132          6          0          0          0       1677   timer.o
       196         16          0          0          0       2062   uart.o

    ----------------------------------------------------------------------
      5640        580        272         44        960      29494   Object Totals
         0          0         32          0          0          0   (incl. Generated)
         2          0          1          0          0          2   (incl. Padding)

    ----------------------------------------------------------------------

      Code (inc. data)   RO Data    RW Data    ZI Data      Debug   Library Member Name

         8          0          0          0          0         68   __main.o
        52          8          0          0          0          0   __scatter.o
        26          0          0          0          0          0   __scatter_copy.o
        28          0          0          0          0          0   __scatter_zi.o
        12          0          0          0          0         68   exit.o
         6          0          0          0          0        148   heapauxi.o
         6          0          0          0          0          0   libinit.o
         2          0          0          0          0          0   libinit2.o
         2          0          0          0          0          0   libshutdown.o
         2          0          0          0          0          0   libshutdown2.o
         8          4          0          0         96         68   libspace.o
       140          0          0          0          0         68   rt_memcpy_v6.o
       100          0          0          0          0         80   rt_memcpy_w.o
         0          0          0          0          0          0   rtentry.o
        12          0          0          0          0          0   rtentry2.o
         6          0          0          0          0          0   rtentry4.o
         0          0          0          0          0          0   rtexit.o
         8          0          0          0          0          0   rtexit2.o
        20         10          0          0          0         68   sys_exit.o
        74          0          0          0          0         80   sys_stackheap_outer.o
         2          0          0          0          0         68   use_no_semi.o

    ----------------------------------------------------------------------
       524         22          0          0        100        716   Library Totals
        10          0          0          0          4          0   (incl. Padding)

    ----------------------------------------------------------------------

      Code (inc. data)   RO Data    RW Data    ZI Data      Debug   Library Name

       514         22          0          0         96        716   c_w.l

    ----------------------------------------------------------------------
       524         22          0          0        100        716   Library Totals

    ----------------------------------------------------------------------

==============================================================================


      Code (inc. data)   RO Data    RW Data    ZI Data      Debug   

      6164        602        272         44       1060      28912   Grand Totals
      6164        602        272         44       1060      28912   ELF Image Totals
      6164        602        272         44          0          0   ROM Totals

==============================================================================

    Total RO  Size (Code + RO Data)                 6436 (   6.29kB)
    Total RW  Size (RW Data + ZI Data)              1104 (   1.08kB)
    Total ROM Size (Code + RO Data + RW Data)       6480 (   6.33kB)

==============================================================================

